<?xml version="1.0" ?>
<class kind="concrete" name="C">
    <inheritance>
        <from name="B" privacy="public"/>
        <from name="A" privacy="public"/>
    </inheritance>
    <public>
        <attributes>
            <attribute name="var" scope="instance" type="float">
                <from name="B"/>
            </attribute>
        </attributes>
    </public>
</class>
