<?xml version="1.0" ?>
<model>
    <class kind="concrete" name="C">
        <inheritance>
            <from name="B" privacy="private"/>
            <from name="A" privacy="private"/>
        </inheritance>
    </class>
    <class kind="concrete" name="B">
        <private>
            <attributes>
                <attribute name="a" scope="instance" type="float"/>
            </attributes>
        </private>
    </class>
    <class kind="concrete" name="A">
        <private>
            <attributes>
                <attribute name="a" scope="instance" type="int"/>
            </attributes>
        </private>
    </class>
</model>
