<?xml version="1.0" ?>
<model>
    <class kind="abstract" name="B">
        <inheritance>
            <from name="A" privacy="private"/>
        </inheritance>
        <private>
            <methods>
                <method name="f" scope="instance" type="int">
                    <from name="A"/>
                    <virtual pure="yes"/>
                    <arguments/>
                </method>
            </methods>
        </private>
        <public>
            <attributes>
                <attribute name="var" scope="instance" type="int"/>
            </attributes>
        </public>
    </class>
    <class kind="concrete" name="C"/>
    <class kind="abstract" name="A">
        <private>
            <methods>
                <method name="f" scope="instance" type="int">
                    <virtual pure="yes"/>
                    <arguments/>
                </method>
            </methods>
        </private>
    </class>
    <class kind="abstract" name="D">
        <inheritance>
            <from name="B" privacy="protected"/>
            <from name="C" privacy="private"/>
        </inheritance>
        <protected>
            <methods>
                <method name="f" scope="instance" type="int">
                    <from name="B"/>
                    <virtual pure="yes"/>
                    <arguments/>
                </method>
            </methods>
            <attributes>
                <attribute name="var" scope="instance" type="int">
                    <from name="B"/>
                </attribute>
            </attributes>
        </protected>
    </class>
</model>
