<?xml version="1.0" ?>
<model>
    <class kind="abstract" name="A">
        <class kind="abstract" name="B">
            <class kind="abstract" name="D"/>
        </class>
    </class>
    <class kind="concrete" name="C">
        <class kind="abstract" name="D"/>
    </class>
</model>
