<?xml version="1.0" ?>
<class kind="concrete" name="D">
    <inheritance>
        <from name="B" privacy="public"/>
        <from name="C" privacy="private"/>
    </inheritance>
    <public>
        <methods>
            <method name="f" scope="instance" type="int">
                <virtual pure="no"/>
                <arguments/>
            </method>
        </methods>
        <attributes>
            <attribute name="var" scope="instance" type="int">
                <from name="B"/>
            </attribute>
        </attributes>
    </public>
</class>
