<?xml version="1.0" ?>
<class kind="abstract" name="A">
    <private>
        <methods>
            <method name="f" scope="instance" type="int">
                <virtual pure="yes"/>
                <arguments/>
            </method>
        </methods>
    </private>
</class>
