<?xml version="1.0" ?>
<result>
    D
    B
</result>
