<?xml version="1.0" ?>
<class kind="abstract" name="D">
    <inheritance>
        <from name="B" privacy="protected"/>
        <from name="C" privacy="private"/>
    </inheritance>
    <protected>
        <methods>
            <method name="f" scope="instance" type="int">
                <from name="B"/>
                <virtual pure="yes"/>
                <arguments/>
            </method>
        </methods>
        <attributes>
            <attribute name="var" scope="instance" type="int">
                <from name="B"/>
            </attribute>
        </attributes>
    </protected>
</class>
